=== job 61170 | nodes=1 ntasks=8 | Mon Jun  8 01:07:45 PM UTC 2026 ===
nodelist: h200-reserved-145-044
/mnt/polished-lake/home/oli/pd-nano-jax/jax_spike/stage7_distributed_hello.py:15: DeprecationWarning: jax.experimental.shard_map is deprecated in v0.8.0. Used jax.shard_map instead.
  from jax.experimental.shard_map import shard_map
/mnt/polished-lake/home/oli/pd-nano-jax/jax_spike/stage7_distributed_hello.py:15: DeprecationWarning: jax.experimental.shard_map is deprecated in v0.8.0. Used jax.shard_map instead.
  from jax.experimental.shard_map import shard_map
/mnt/polished-lake/home/oli/pd-nano-jax/jax_spike/stage7_distributed_hello.py:15: DeprecationWarning: jax.experimental.shard_map is deprecated in v0.8.0. Used jax.shard_map instead.
  from jax.experimental.shard_map import shard_map
/mnt/polished-lake/home/oli/pd-nano-jax/jax_spike/stage7_distributed_hello.py:15: DeprecationWarning: jax.experimental.shard_map is deprecated in v0.8.0. Used jax.shard_map instead.
  from jax.experimental.shard_map import shard_map
/mnt/polished-lake/home/oli/pd-nano-jax/jax_spike/stage7_distributed_hello.py:15: DeprecationWarning: jax.experimental.shard_map is deprecated in v0.8.0. Used jax.shard_map instead.
  from jax.experimental.shard_map import shard_map
/mnt/polished-lake/home/oli/pd-nano-jax/jax_spike/stage7_distributed_hello.py:15: DeprecationWarning: jax.experimental.shard_map is deprecated in v0.8.0. Used jax.shard_map instead.
  from jax.experimental.shard_map import shard_map
/mnt/polished-lake/home/oli/pd-nano-jax/jax_spike/stage7_distributed_hello.py:15: DeprecationWarning: jax.experimental.shard_map is deprecated in v0.8.0. Used jax.shard_map instead.
  from jax.experimental.shard_map import shard_map
/mnt/polished-lake/home/oli/pd-nano-jax/jax_spike/stage7_distributed_hello.py:15: DeprecationWarning: jax.experimental.shard_map is deprecated in v0.8.0. Used jax.shard_map instead.
  from jax.experimental.shard_map import shard_map
[p0] processes=8 global_devices=8 local_per_proc=1
[p0] device kinds: ['NVIDIA H200']
Traceback (most recent call last):
Traceback (most recent call last):
Traceback (most recent call last):
Traceback (most recent call last):
Traceback (most recent call last):
Traceback (most recent call last):
  File "/mnt/polished-lake/home/oli/pd-nano-jax/jax_spike/stage7_distributed_hello.py", line 48, in <module>
    got = int(result.addressable_shards[0].data[0])  # every device holds the same sum
  File "/mnt/polished-lake/home/oli/pd-nano-jax/jax_spike/.venv-cuda/lib/python3.13/site-packages/jax/_src/array.py", line 304, in __int__
    return self._value.__int__()
           ^^^^^^^^^^^
  File "/mnt/polished-lake/home/oli/pd-nano-jax/jax_spike/.venv-cuda/lib/python3.13/site-packages/jax/_src/profiler.py", line 427, in wrapper
    return func(*args, **kwargs)
  File "/mnt/polished-lake/home/oli/pd-nano-jax/jax_spike/.venv-cuda/lib/python3.13/site-packages/jax/_src/array.py", line 614, in _value
    npy_value, did_copy = self._single_device_array_to_np_array_did_copy()
                          ~~~~~~~~~~~~~~~~~~~~~~~~~~~~~~~~~~~~~~~~~~~~~~^^
  File "/mnt/polished-lake/home/oli/pd-nano-jax/jax_spike/stage7_distributed_hello.py", line 48, in <module>
    got = int(result.addressable_shards[0].data[0])  # every device holds the same sum
  File "/mnt/polished-lake/home/oli/pd-nano-jax/jax_spike/.venv-cuda/lib/python3.13/site-packages/jax/_src/array.py", line 304, in __int__
    return self._value.__int__()
           ^^^^^^^^^^^
  File "/mnt/polished-lake/home/oli/pd-nano-jax/jax_spike/.venv-cuda/lib/python3.13/site-packages/jax/_src/profiler.py", line 427, in wrapper
    return func(*args, **kwargs)
  File "/mnt/polished-lake/home/oli/pd-nano-jax/jax_spike/.venv-cuda/lib/python3.13/site-packages/jax/_src/array.py", line 614, in _value
    npy_value, did_copy = self._single_device_array_to_np_array_did_copy()
                          ~~~~~~~~~~~~~~~~~~~~~~~~~~~~~~~~~~~~~~~~~~~~~~^^
jax.errors.JaxRuntimeError: INTERNAL: NCCL operation ncclGroupEnd() failed: unhandled cuda error (run with NCCL_DEBUG=INFO for details). Last NCCL warning(error) log entry (may be unrelated) 'Cuda failure 101 'invalid device ordinal''. [executable_name='jit_squeeze']
  File "/mnt/polished-lake/home/oli/pd-nano-jax/jax_spike/stage7_distributed_hello.py", line 48, in <module>
    got = int(result.addressable_shards[0].data[0])  # every device holds the same sum
  File "/mnt/polished-lake/home/oli/pd-nano-jax/jax_spike/.venv-cuda/lib/python3.13/site-packages/jax/_src/array.py", line 304, in __int__
    return self._value.__int__()
           ^^^^^^^^^^^
  File "/mnt/polished-lake/home/oli/pd-nano-jax/jax_spike/.venv-cuda/lib/python3.13/site-packages/jax/_src/profiler.py", line 427, in wrapper
    return func(*args, **kwargs)
  File "/mnt/polished-lake/home/oli/pd-nano-jax/jax_spike/.venv-cuda/lib/python3.13/site-packages/jax/_src/array.py", line 614, in _value
    npy_value, did_copy = self._single_device_array_to_np_array_did_copy()
                          ~~~~~~~~~~~~~~~~~~~~~~~~~~~~~~~~~~~~~~~~~~~~~~^^
jax.errors.JaxRuntimeError: INTERNAL: NCCL operation ncclGroupEnd() failed: unhandled cuda error (run with NCCL_DEBUG=INFO for details). Last NCCL warning(error) log entry (may be unrelated) 'Cuda failure 101 'invalid device ordinal''. [executable_name='jit_squeeze']
  File "/mnt/polished-lake/home/oli/pd-nano-jax/jax_spike/stage7_distributed_hello.py", line 48, in <module>
    got = int(result.addressable_shards[0].data[0])  # every device holds the same sum
  File "/mnt/polished-lake/home/oli/pd-nano-jax/jax_spike/.venv-cuda/lib/python3.13/site-packages/jax/_src/array.py", line 304, in __int__
    return self._value.__int__()
           ^^^^^^^^^^^
  File "/mnt/polished-lake/home/oli/pd-nano-jax/jax_spike/.venv-cuda/lib/python3.13/site-packages/jax/_src/profiler.py", line 427, in wrapper
    return func(*args, **kwargs)
  File "/mnt/polished-lake/home/oli/pd-nano-jax/jax_spike/.venv-cuda/lib/python3.13/site-packages/jax/_src/array.py", line 614, in _value
    npy_value, did_copy = self._single_device_array_to_np_array_did_copy()
                          ~~~~~~~~~~~~~~~~~~~~~~~~~~~~~~~~~~~~~~~~~~~~~~^^
jax.errors.JaxRuntimeError: INTERNAL: NCCL operation ncclGroupEnd() failed: unhandled cuda error (run with NCCL_DEBUG=INFO for details). Last NCCL warning(error) log entry (may be unrelated) 'Cuda failure 101 'invalid device ordinal''. [executable_name='jit_squeeze']
jax.errors.JaxRuntimeError: INTERNAL: NCCL operation ncclGroupEnd() failed: unhandled cuda error (run with NCCL_DEBUG=INFO for details). Last NCCL warning(error) log entry (may be unrelated) 'Cuda failure 101 'invalid device ordinal''. [executable_name='jit_squeeze']
  File "/mnt/polished-lake/home/oli/pd-nano-jax/jax_spike/stage7_distributed_hello.py", line 48, in <module>
    got = int(result.addressable_shards[0].data[0])  # every device holds the same sum
  File "/mnt/polished-lake/home/oli/pd-nano-jax/jax_spike/.venv-cuda/lib/python3.13/site-packages/jax/_src/array.py", line 304, in __int__
    return self._value.__int__()
           ^^^^^^^^^^^
  File "/mnt/polished-lake/home/oli/pd-nano-jax/jax_spike/.venv-cuda/lib/python3.13/site-packages/jax/_src/profiler.py", line 427, in wrapper
    return func(*args, **kwargs)
  File "/mnt/polished-lake/home/oli/pd-nano-jax/jax_spike/.venv-cuda/lib/python3.13/site-packages/jax/_src/array.py", line 614, in _value
    npy_value, did_copy = self._single_device_array_to_np_array_did_copy()
                          ~~~~~~~~~~~~~~~~~~~~~~~~~~~~~~~~~~~~~~~~~~~~~~^^
jax.errors.JaxRuntimeError: INTERNAL: NCCL operation ncclGroupEnd() failed: unhandled cuda error (run with NCCL_DEBUG=INFO for details). Last NCCL warning(error) log entry (may be unrelated) 'Cuda failure 101 'invalid device ordinal''. [executable_name='jit_squeeze']
  File "/mnt/polished-lake/home/oli/pd-nano-jax/jax_spike/stage7_distributed_hello.py", line 48, in <module>
    got = int(result.addressable_shards[0].data[0])  # every device holds the same sum
  File "/mnt/polished-lake/home/oli/pd-nano-jax/jax_spike/.venv-cuda/lib/python3.13/site-packages/jax/_src/array.py", line 304, in __int__
    return self._value.__int__()
           ^^^^^^^^^^^
  File "/mnt/polished-lake/home/oli/pd-nano-jax/jax_spike/.venv-cuda/lib/python3.13/site-packages/jax/_src/profiler.py", line 427, in wrapper
    return func(*args, **kwargs)
  File "/mnt/polished-lake/home/oli/pd-nano-jax/jax_spike/.venv-cuda/lib/python3.13/site-packages/jax/_src/array.py", line 614, in _value
    npy_value, did_copy = self._single_device_array_to_np_array_did_copy()
                          ~~~~~~~~~~~~~~~~~~~~~~~~~~~~~~~~~~~~~~~~~~~~~~^^
jax.errors.JaxRuntimeError: INTERNAL: NCCL operation ncclGroupEnd() failed: unhandled cuda error (run with NCCL_DEBUG=INFO for details). Last NCCL warning(error) log entry (may be unrelated) 'Cuda failure 101 'invalid device ordinal''. [executable_name='jit_squeeze']
Traceback (most recent call last):
Traceback (most recent call last):
  File "/mnt/polished-lake/home/oli/pd-nano-jax/jax_spike/stage7_distributed_hello.py", line 48, in <module>
    got = int(result.addressable_shards[0].data[0])  # every device holds the same sum
  File "/mnt/polished-lake/home/oli/pd-nano-jax/jax_spike/.venv-cuda/lib/python3.13/site-packages/jax/_src/array.py", line 304, in __int__
    return self._value.__int__()
           ^^^^^^^^^^^
  File "/mnt/polished-lake/home/oli/pd-nano-jax/jax_spike/.venv-cuda/lib/python3.13/site-packages/jax/_src/profiler.py", line 427, in wrapper
    return func(*args, **kwargs)
  File "/mnt/polished-lake/home/oli/pd-nano-jax/jax_spike/.venv-cuda/lib/python3.13/site-packages/jax/_src/array.py", line 614, in _value
    npy_value, did_copy = self._single_device_array_to_np_array_did_copy()
                          ~~~~~~~~~~~~~~~~~~~~~~~~~~~~~~~~~~~~~~~~~~~~~~^^
jax.errors.JaxRuntimeError: INTERNAL: NCCL operation ncclGroupEnd() failed: unhandled cuda error (run with NCCL_DEBUG=INFO for details). Last NCCL warning(error) log entry (may be unrelated) 'Cuda failure 101 'invalid device ordinal''. [executable_name='jit_squeeze']
  File "/mnt/polished-lake/home/oli/pd-nano-jax/jax_spike/stage7_distributed_hello.py", line 48, in <module>
    got = int(result.addressable_shards[0].data[0])  # every device holds the same sum
  File "/mnt/polished-lake/home/oli/pd-nano-jax/jax_spike/.venv-cuda/lib/python3.13/site-packages/jax/_src/array.py", line 304, in __int__
    return self._value.__int__()
           ^^^^^^^^^^^
  File "/mnt/polished-lake/home/oli/pd-nano-jax/jax_spike/.venv-cuda/lib/python3.13/site-packages/jax/_src/profiler.py", line 427, in wrapper
    return func(*args, **kwargs)
  File "/mnt/polished-lake/home/oli/pd-nano-jax/jax_spike/.venv-cuda/lib/python3.13/site-packages/jax/_src/array.py", line 614, in _value
    npy_value, did_copy = self._single_device_array_to_np_array_did_copy()
                          ~~~~~~~~~~~~~~~~~~~~~~~~~~~~~~~~~~~~~~~~~~~~~~^^
jax.errors.JaxRuntimeError: INTERNAL: NCCL operation ncclGroupEnd() failed: unhandled cuda error (run with NCCL_DEBUG=INFO for details). Last NCCL warning(error) log entry (may be unrelated) 'Cuda failure 101 'invalid device ordinal''. [executable_name='jit_squeeze']
W0608 13:07:56.950369 1707549 pjrt_client.cc:1613] WatchTasksAsync failed for task 5: CANCELLED: CANCELLED
Additional GRPC error information from remote target coordination_service while calling /xla.coordination.CoordinationService/WatchTasks:
:UNKNOWN:Error received from peer  {grpc_status:1, grpc_message:"CANCELLED"} [type.googleapis.com/tensorflow.DerivedStatus='']
W0608 13:07:56.950420 1707548 pjrt_client.cc:1613] WatchTasksAsync failed for task 2: CANCELLED: CANCELLED
Additional GRPC error information from remote target coordination_service while calling /xla.coordination.CoordinationService/WatchTasks:
:UNKNOWN:Error received from peer  {grpc_status:1, grpc_message:"CANCELLED"} [type.googleapis.com/tensorflow.DerivedStatus='']
W0608 13:07:56.950480 1707552 pjrt_client.cc:1613] WatchTasksAsync failed for task 0: CANCELLED: CANCELLED
Additional GRPC error information from remote target coordination_service while calling /xla.coordination.CoordinationService/WatchTasks:
:UNKNOWN:Error received from peer  {grpc_message:"CANCELLED", grpc_status:1} [type.googleapis.com/tensorflow.DerivedStatus='']
W0608 13:07:56.950472 1707554 pjrt_client.cc:1613] WatchTasksAsync failed for task 6: CANCELLED: CANCELLED
Additional GRPC error information from remote target coordination_service while calling /xla.coordination.CoordinationService/WatchTasks:
:UNKNOWN:Error received from peer  {grpc_message:"CANCELLED", grpc_status:1} [type.googleapis.com/tensorflow.DerivedStatus='']
W0608 13:07:56.950547 1707555 pjrt_client.cc:1613] WatchTasksAsync failed for task 4: UNAVAILABLE: failed to connect to all addresses; last error: UNKNOWN: ipv4:10.110.52.83:65266: Failed to connect to remote host: Connection refused
Additional GRPC error information from remote target coordination_service while calling /xla.coordination.CoordinationService/WatchTasks:
:UNKNOWN:Error received from peer  {grpc_status:14, grpc_message:"failed to connect to all addresses; last error: UNKNOWN: ipv4:10.110.52.83:65266: Failed to connect to remote host: Connection refused"}
W0608 13:07:56.950566 1707553 pjrt_client.cc:1613] WatchTasksAsync failed for task 1: CANCELLED: CANCELLED
Additional GRPC error information from remote target coordination_service while calling /xla.coordination.CoordinationService/WatchTasks:
:UNKNOWN:Error received from peer  {grpc_status:1, grpc_message:"CANCELLED"} [type.googleapis.com/tensorflow.DerivedStatus='']
W0608 13:07:56.950574 1707550 pjrt_client.cc:1613] WatchTasksAsync failed for task 3: UNAVAILABLE: failed to connect to all addresses; last error: UNKNOWN: ipv4:10.110.52.83:65266: Failed to connect to remote host: Connection refused
Additional GRPC error information from remote target coordination_service while calling /xla.coordination.CoordinationService/WatchTasks:
:UNKNOWN:Error received from peer  {grpc_message:"failed to connect to all addresses; last error: UNKNOWN: ipv4:10.110.52.83:65266: Failed to connect to remote host: Connection refused", grpc_status:14}
W0608 13:07:56.950605 1707551 pjrt_client.cc:1613] WatchTasksAsync failed for task 7: UNAVAILABLE: failed to connect to all addresses; last error: UNKNOWN: ipv4:10.110.52.83:65266: Failed to connect to remote host: Connection refused
Additional GRPC error information from remote target coordination_service while calling /xla.coordination.CoordinationService/WatchTasks:
:UNKNOWN:Error received from peer  {grpc_message:"failed to connect to all addresses; last error: UNKNOWN: ipv4:10.110.52.83:65266: Failed to connect to remote host: Connection refused", grpc_status:14}
srun: error: h200-reserved-145-044: tasks 0,2,4-7: Exited with exit code 1
srun: Terminating StepId=61170.0
slurmstepd: error: *** STEP 61170.0 ON h200-reserved-145-044 CANCELLED AT 2026-06-08T13:07:58 ***
srun: error: h200-reserved-145-044: tasks 1,3: Terminated
srun: Force Terminated StepId=61170.0
