=== job 61398 | nodes=1 ntasks=2 | Mon Jun  8 07:01:07 PM UTC 2026 ===
nodelist: h200-reserved-145-027
/mnt/polished-lake/home/oli/pd-nano-jax/jax_spike/stage11_real_pd_2pool.py:34: DeprecationWarning: jax.experimental.shard_map is deprecated in v0.8.0. Used jax.shard_map instead.
  from jax.experimental.shard_map import shard_map
/mnt/polished-lake/home/oli/pd-nano-jax/jax_spike/stage11_real_pd_2pool.py:34: DeprecationWarning: jax.experimental.shard_map is deprecated in v0.8.0. Used jax.shard_map instead.
  from jax.experimental.shard_map import shard_map
W0608 19:04:41.520901  957459 hlo_rematerialization.cc:3233] Can't reduce memory use below 80.12GiB (86024828372 bytes) by rematerialization; only reduced to 201.37GiB (216218852641 bytes), down from 225.93GiB (242591819681 bytes) originally
W0608 19:04:41.758155  957458 hlo_rematerialization.cc:3233] Can't reduce memory use below 80.12GiB (86024828372 bytes) by rematerialization; only reduced to 201.37GiB (216218852641 bytes), down from 225.93GiB (242591819681 bytes) originally
W0608 19:05:03.435047  957459 bfc_allocator.cc:514] Allocator (GPU_1_bfc) ran out of memory trying to allocate 115.57GiB (rounded to 124097466112)requested by op 
If the cause is memory fragmentation maybe the environment variable 'TF_GPU_ALLOCATOR=cuda_malloc_async' will improve the situation. 
Current allocation summary follows.
Current allocation summary follows.
W0608 19:05:03.435290  957459 bfc_allocator.cc:525] ***********************************_________________________________________________________________
Traceback (most recent call last):
  File "/mnt/polished-lake/home/oli/pd-nano-jax/jax_spike/stage11_real_pd_2pool.py", line 259, in <module>
    main()
    ~~~~^^
  File "/mnt/polished-lake/home/oli/pd-nano-jax/jax_spike/stage11_real_pd_2pool.py", line 234, in main
    jax.block_until_ready((state.source, loss))
    ~~~~~~~~~~~~~~~~~~~~~^^^^^^^^^^^^^^^^^^^^^^
  File "/mnt/polished-lake/home/oli/pd-nano-jax/jax_spike/.venv-cuda/lib/python3.13/site-packages/jax/_src/api.py", line 2584, in block_until_ready
    xc.batched_block_until_ready(arrays)
    ~~~~~~~~~~~~~~~~~~~~~~~~~~~~^^^^^^^^
jax.errors.JaxRuntimeError: RESOURCE_EXHAUSTED: Out of memory while trying to allocate 115.57GiB. [tf-allocator-allocation-error=''] [executable_name='jit_step']
W0608 19:05:03.840856  957458 bfc_allocator.cc:514] Allocator (GPU_0_bfc) ran out of memory trying to allocate 115.57GiB (rounded to 124097466112)requested by op 
If the cause is memory fragmentation maybe the environment variable 'TF_GPU_ALLOCATOR=cuda_malloc_async' will improve the situation. 
Current allocation summary follows.
Current allocation summary follows.
W0608 19:05:03.841088  957458 bfc_allocator.cc:525] ***********************************_________________________________________________________________
[p0] STAGE11 2-pool real L18-MLP PD | 2 pools (1 GPU each) | per_pool_batch=4 seq=2048 C=24576 suffix=14 n_pgd=1
Traceback (most recent call last):
  File "/mnt/polished-lake/home/oli/pd-nano-jax/jax_spike/stage11_real_pd_2pool.py", line 259, in <module>
    main()
    ~~~~^^
  File "/mnt/polished-lake/home/oli/pd-nano-jax/jax_spike/stage11_real_pd_2pool.py", line 234, in main
    jax.block_until_ready((state.source, loss))
    ~~~~~~~~~~~~~~~~~~~~~^^^^^^^^^^^^^^^^^^^^^^
  File "/mnt/polished-lake/home/oli/pd-nano-jax/jax_spike/.venv-cuda/lib/python3.13/site-packages/jax/_src/api.py", line 2584, in block_until_ready
    xc.batched_block_until_ready(arrays)
    ~~~~~~~~~~~~~~~~~~~~~~~~~~~~^^^^^^^^
jax.errors.JaxRuntimeError: RESOURCE_EXHAUSTED: Out of memory while trying to allocate 115.57GiB. [executable_name='jit_step'] [tf-allocator-allocation-error='']
W0608 19:05:04.290732  957622 pjrt_client.cc:1613] WatchTasksAsync failed for task 0: CANCELLED: CANCELLED
Additional GRPC error information from remote target coordination_service while calling /xla.coordination.CoordinationService/WatchTasks:
:UNKNOWN:Error received from peer  {grpc_status:1, grpc_message:"CANCELLED"} [type.googleapis.com/tensorflow.DerivedStatus='']
W0608 19:05:04.290952  957623 pjrt_client.cc:1613] WatchTasksAsync failed for task 1: UNAVAILABLE: failed to connect to all addresses; last error: UNKNOWN: ipv4:10.110.120.130:65494: Failed to connect to remote host: Connection refused
Additional GRPC error information from remote target coordination_service while calling /xla.coordination.CoordinationService/WatchTasks:
:UNKNOWN:Error received from peer  {grpc_status:14, grpc_message:"failed to connect to all addresses; last error: UNKNOWN: ipv4:10.110.120.130:65494: Failed to connect to remote host: Connection refused"}
srun: error: h200-reserved-145-027: task 1: Exited with exit code 1
srun: Terminating StepId=61398.0
slurmstepd: error: *** STEP 61398.0 ON h200-reserved-145-027 CANCELLED AT 2026-06-08T19:05:27 ***
srun: error: h200-reserved-145-027: task 0: Terminated
srun: Force Terminated StepId=61398.0
