W0609 19:55:54.854000 2526630 torch/distributed/run.py:851] 
W0609 19:55:54.854000 2526630 torch/distributed/run.py:851] *****************************************
W0609 19:55:54.854000 2526630 torch/distributed/run.py:851] Setting OMP_NUM_THREADS environment variable for each process to be 1 in default, to avoid your system being overloaded, please further tune the variable for optimal performance in your application as needed. 
W0609 19:55:54.854000 2526630 torch/distributed/run.py:851] *****************************************
/mnt/home/oli/param-decomp/.venv/bin/python3: can't open file '/mnt/home/oli/param-decomp/param_decomp_lab/fsdp/_scratch/repro_weight_delta.py': [Errno 2] No such file or directory
/mnt/home/oli/param-decomp/.venv/bin/python3: can't open file '/mnt/home/oli/param-decomp/param_decomp_lab/fsdp/_scratch/repro_weight_delta.py': [Errno 2] No such file or directory
E0609 19:55:56.305000 2526630 torch/distributed/elastic/multiprocessing/api.py:986] failed (exitcode: 2) local_rank: 0 (pid: 2526699) of binary: /mnt/home/oli/param-decomp/.venv/bin/python3
Traceback (most recent call last):
  File "/mnt/home/oli/param-decomp/.venv/bin/torchrun", line 10, in <module>
    sys.exit(main())
             ~~~~^^
  File "/mnt/home/oli/param-decomp/.venv/lib/python3.13/site-packages/torch/distributed/elastic/multiprocessing/errors/__init__.py", line 362, in wrapper
    return f(*args, **kwargs)
  File "/mnt/home/oli/param-decomp/.venv/lib/python3.13/site-packages/torch/distributed/run.py", line 990, in main
    run(args)
    ~~~^^^^^^
  File "/mnt/home/oli/param-decomp/.venv/lib/python3.13/site-packages/torch/distributed/run.py", line 981, in run
    elastic_launch(
    ~~~~~~~~~~~~~~~
        config=config,
        ~~~~~~~~~~~~~~
        entrypoint=cmd,
        ~~~~~~~~~~~~~~~
    )(*cmd_args)
    ~^^^^^^^^^^^
  File "/mnt/home/oli/param-decomp/.venv/lib/python3.13/site-packages/torch/distributed/launcher/api.py", line 170, in __call__
    return launch_agent(self._config, self._entrypoint, list(args))
  File "/mnt/home/oli/param-decomp/.venv/lib/python3.13/site-packages/torch/distributed/launcher/api.py", line 317, in launch_agent
    raise ChildFailedError(
    ...<2 lines>...
    )
torch.distributed.elastic.multiprocessing.errors.ChildFailedError: 
============================================================
repro_weight_delta.py FAILED
------------------------------------------------------------
Failures:
[1]:
  time      : 2026-06-09_19:55:56
  host      : slurm-b200-138-201.slurm-compute.tenant-slurm.svc.cluster.local
  rank      : 1 (local_rank: 1)
  exitcode  : 2 (pid: 2526700)
  error_file: <N/A>
  traceback : To enable traceback see: https://pytorch.org/docs/stable/elastic/errors.html
------------------------------------------------------------
Root Cause (first observed failure):
[0]:
  time      : 2026-06-09_19:55:56
  host      : slurm-b200-138-201.slurm-compute.tenant-slurm.svc.cluster.local
  rank      : 0 (local_rank: 0)
  exitcode  : 2 (pid: 2526699)
  error_file: <N/A>
  traceback : To enable traceback see: https://pytorch.org/docs/stable/elastic/errors.html
============================================================
